IMAGE FETCH PROGRESS / บันทึกสำหรับทำต่อบนอีกเครื่อง
Updated: Tuesday, 6 October 2026 at 17:40:14 GMT+7
Timezone: Asia/Bangkok (UTC+07:00)
Snapshot source: running local API :8080; read-only inspection, no extraction started.

สถานะล่าสุด
- Total sets: 165
- Stored images: 63
- Complete sets (2–5 images): 28
- Incomplete sets: 137
- Counts by images per set: {"0":136,"1":1,"2":26,"5":2}
- Gank requests remaining: 0/60
- Pause until Bangkok: Wednesday, 7 October 2026 at 15:59:58 GMT+7
- Pause until UTC: 2026-10-07T08:59:58Z
- Pause reason: local daily request budget reached (60 per 24 hours)
- Gank request interval: 20 seconds, shared across Gank subdomains.
- HTML cache: 7 days; request budget and cooldown are persisted in SQLite.
- ไม่มี background job / scheduler ดึงรูปอัตโนมัติ และไม่มี batch ที่แชทนี้เปิดทิ้งไว้
- ต้องกด Extract/Retry ใน back-office หรือรัน fill-images.mjs เพื่อเริ่ม backend extraction
- การหมด cooldown ไม่ได้ทำให้เริ่มดึงต่ออัตโนมัติ

set_id 165 — 261003 SEUNGBI🚨LIMITED🚨 / S2IT / idollove
- Example: https://ganknow.com/post/e63b82e9-3d38-4245-beed-84974767969e
- ตรวจ browser แล้วพบรูปของโพสต์โหลดได้จริง 3 รูป
- รูปอยู่บน lh3.googleusercontent.com แต่ตัวอ่านเดิมรับ Gank เฉพาะ media.ganknow.com จึงกรองรูปทั้งหมดทิ้ง
- แก้ backend/internal/gallery/media.go ให้รองรับ Google-hosted social image และรูปใน current post ที่ตรงกับ social image
- ตัด crop/size suffix และ deduplicate URL; ไม่เก็บรูปโปรไฟล์ รูปเบลอ หรือ Google-hosted รูปจากโพสต์อื่น
- Regression tests: backend/internal/gallery/album_test.go และ backend/internal/gallery/ingestion_test.go
- ยืนยัน test เดิมล้มก่อนแก้ แล้วผ่านหลังแก้; go test -race ./..., go vet ./..., gofmt และ git diff --check ผ่าน
- Backend Air โหลดการแก้แล้ว และ /api/health ตอบ ok
- ยังไม่ได้ยืนยันการดาวน์โหลดจริงของ set 165 เข้า runtime database เพราะ Gank อยู่ในช่วงพัก
- 0 images stored for set 165 ณ snapshot นี้

วิธีทำต่อบนเครื่องใหม่
1. ย้าย working directory ทั้งโปรเจกต์ รวมโค้ดที่แก้และ log นี้ (ยังไม่ได้ commit/push การแก้ในแชทนี้)
2. data/seed.sqlite ในโปรเจกต์มี 165 sets / 63 images; Docker runtime database อยู่ใน named volume gallery-data ของเครื่องเดิม ไม่ได้ย้ายตาม source folder โดยอัตโนมัติ
3. ./scripts/init-local.sh
4. docker compose up -d --build
   ถ้าเครื่องใช้ Compose standalone ให้ใช้ docker-compose แทน docker compose
5. หลังหมดช่วงพัก ลอง set 165 ก่อน (ต้องมี Node และ API เปิดอยู่):
   node scripts/fill-images.mjs --set-id=165 --target=5 --report=docs/IMAGE_FETCH_RUN_REPORT.json 2>&1 | tee -a docs/IMAGE_FETCH_PROGRESS.log
6. ตรวจผลว่ารูปของ set 165 ถูกบันทึกได้จริง แล้วค่อยเติมชุดที่ยังไม่ครบ:
   node scripts/fill-images.mjs --target=2 --report=docs/IMAGE_FETCH_RUN_REPORT.json 2>&1 | tee -a docs/IMAGE_FETCH_PROGRESS.log
7. เมื่อดึงเพิ่มสำเร็จ บันทึก runtime data ลง seed สำหรับย้ายเครื่อง/ติดตั้งใหม่:
   ./scripts/export-seed.sh
   python3 scripts/verify-seed.py

ข้อจำกัดของคำสั่งเติมรูป
- --target=2 เติมขั้นต่ำ 2 รูปต่อชุด; --target=5 เติมเฉพาะชุดได้สูงสุด 5 รูป
- CLI หยุด batch เมื่อ source cooldown/rate limit; ต้องสั่งใหม่หลังหมดช่วงพัก
- ถ้า CLI พบ pause ตั้งแต่เริ่ม มันจะหยุดก่อนเขียน JSON report ใหม่; tee ด้านบนจะเก็บข้อความลง log นี้
- รายงานก่อนหน้า: docs/IMAGE_IMPORT_REPORT.json

Runtime set snapshot (JSON per line; no image bytes or admin token)
{"set_id":1,"title":"260915  Karina kdata","group":"aespa","images":5,"state":"ready","error":"","example":"https://ganknow.com/post/5ddbab87-f0f2-404a-89a9-eb2f897aad61"}
{"set_id":2,"title":"260918 AESPA🚨LIMITED🚨","group":"aespa","images":2,"state":"ready","error":"","example":"https://ganknow.com/post/c68afe8e-9889-4751-91d4-f16da0f8d0ef"}
{"set_id":3,"title":"260803 ningning","group":"aespa","images":0,"state":"failed","error":"No public post images found; upload 2–5 images manually","example":"https://ganknow.com/post/649a8695-acb5-4e7c-9ecd-842ea5cb54d4"}
{"set_id":4,"title":"260915 HEEJIN yoichi","group":"ARTMS","images":2,"state":"ready","error":"","example":"https://ganknow.com/post/e700a9cd-32d6-4ff3-94ce-c3e0258f0580"}
{"set_id":5,"title":"260809 Asa 2159","group":"BABYMONSTER","images":0,"state":"failed","error":"No public post images found; upload 2–5 images manually","example":"https://ganknow.com/post/1703dfdd-71b6-4eb8-b577-44f58042037c"}
{"set_id":6,"title":"260911 BABYMONSTER Ahyeon 1331p (baemonfan)","group":"BABYMONSTER","images":2,"state":"ready","error":"","example":"https://ganknow.com/post/d0a44e02-ba4f-4ca2-b6c3-25d4e11b5507"}
{"set_id":7,"title":"260809 Ahyeon 1606","group":"BABYMONSTER","images":0,"state":"missing","error":"No public example URL in source row","example":""}
{"set_id":8,"title":"260627 Ahyeon 4206","group":"BABYMONSTER","images":0,"state":"missing","error":"No public example URL in source row","example":""}
{"set_id":9,"title":"260626 Ahyeon 4092","group":"BABYMONSTER","images":0,"state":"failed","error":"No public post images found; upload 2–5 images manually","example":"https://ganknow.com/services/98425-kdatastudio-260626-ahyeon-limited"}
{"set_id":10,"title":"260816 Jennie 5042","group":"BLACK PINK","images":0,"state":"failed","error":"Get \"https://ganknow.com/post/a85c1aef-dfb0-486e-9cc1-233b274abe6e\": ganknow.com ingestion paused until 2026-10-07T08:59:58Z (local daily request budget reached (60 per 24 hours))","example":"https://ganknow.com/post/a85c1aef-dfb0-486e-9cc1-233b274abe6e"}
{"set_id":11,"title":"260814 Jennie 4556","group":"BLACK PINK","images":0,"state":"failed","error":"No public preview image found on example page","example":"https://ganknow.com/post/8d4e4c5a-c890-43e4-b171-a6ca71abcf03"}
{"set_id":12,"title":"260802 jennie","group":"BLACK PINK","images":0,"state":"failed","error":"No public preview image found on example page","example":"https://ganknow.com/post/649a8695-acb5-4e7c-9ecd-842ea5cb54d4"}
{"set_id":13,"title":"260801 Jennie 465","group":"BLACK PINK","images":0,"state":"failed","error":"No public preview image found on example page","example":"https://ganknow.com/post/cf6882eb-e654-41f5-96b2-0dd459bec33f"}
{"set_id":14,"title":"250705 Jennie 1811 (EVENT PRIZE)","group":"BLACK PINK","images":0,"state":"failed","error":"No public preview image found on example page","example":"https://ganknow.com/post/2fe3b3ff-1740-4e59-a185-2f317365038f"}
{"set_id":15,"title":"260816 Jennie 963 limited Idollove","group":"BLACK PINK","images":0,"state":"missing","error":"No public example URL in source row","example":""}
{"set_id":16,"title":"260828 Jeewon yoichi69 ver2  2506","group":"cignature/latency","images":0,"state":"failed","error":"No public preview image found on example page","example":"https://ganknow.com/post/7ca1375f-a887-4cb3-be24-6f9c4f6ec01c"}
{"set_id":17,"title":"260828 JEEWON idollove ver2","group":"cignature/latency","images":0,"state":"failed","error":"No public preview image found on example page","example":"https://ganknow.com/post/94f445f2-8d63-4624-9ac6-8ef0b34a3f3a"}
{"set_id":18,"title":"260828 jeewon 2484","group":"cignature/latency","images":0,"state":"failed","error":"No public preview image found on example page","example":"https://ganknow.com/post/c448d94b-5cd9-4905-8f94-5b4df673eed0"}
{"set_id":19,"title":"260828 JEEWON","group":"cignature/latency","images":0,"state":"failed","error":"No public preview image found on example page","example":"https://ganknow.com/post/cba51444-5de6-4054-8945-0131a84e417f"}
{"set_id":20,"title":"260828 JEEWON","group":"cignature/latency","images":0,"state":"failed","error":"No public preview image found on example page","example":"https://ganknow.com/post/04507c7c-93a3-41e2-952a-12ee2b87bdad"}
{"set_id":21,"title":"240824 Jiwon 3641 part3","group":"cignature/latency","images":0,"state":"failed","error":"No public preview image found on example page","example":"https://ganknow.com/services/106145-sakuradata-limited-sold-out-jiwon-3641pics-part-3"}
{"set_id":22,"title":"240824 Jiwon 3574 part2","group":"cignature/latency","images":0,"state":"failed","error":"No public preview image found on example page","example":"https://ganknow.com/services/106478-sakuradata-limited-sold-out-jiwon-3574pics-part-2"}
{"set_id":23,"title":"240824 Jiwon 3573 part1","group":"cignature/latency","images":0,"state":"failed","error":"No public preview image found on example page","example":"https://ganknow.com/services/106146-sakuradata-limited-sold-out-jiwon-3573pics-part-1"}
{"set_id":24,"title":"260808 jimin 1664","group":"CLASS:y","images":0,"state":"failed","error":"No public preview image found on example page","example":"https://ganknow.com/post/db121bf6-3cc3-46bd-b000-91a338939058"}
{"set_id":25,"title":"260208 Boeun","group":"CLASS:y","images":0,"state":"failed","error":"No public preview image found on example page","example":"https://ganknow.com/post/ff3f1bb0-c759-44e6-aa10-7dba788765fe"}
{"set_id":26,"title":"260208 hyungseo 2209","group":"CLASS:y","images":0,"state":"failed","error":"No public preview image found on example page","example":"https://ganknow.com/post/c5c72914-0f7a-4680-990a-08790f7346e1"}
{"set_id":27,"title":"260910 Athena 4 sets","group":"FIFTY FIFTY","images":2,"state":"ready","error":"","example":"https://ganknow.com/post/fe065f12-0e43-4d15-b6c9-29348caaac0e"}
{"set_id":28,"title":"260829 athena 3150","group":"FIFTY FIFTY","images":0,"state":"failed","error":"No public preview image found on example page","example":"https://ganknow.com/post/ec2cdcb7-6315-4a27-a756-ba556e0a11c8"}
{"set_id":29,"title":"260801 KEENA","group":"FIFTY FIFTY","images":0,"state":"failed","error":"No public preview image found on example page","example":"https://ganknow.com/post/bb11a9f4-f1ea-4c12-9d2f-10a80da8d34d"}
{"set_id":30,"title":"260728 ATHENA","group":"FIFTY FIFTY","images":0,"state":"failed","error":"No public preview image found on example page","example":"https://ganknow.com/post/72402679-26b4-45c7-9a08-bbfb79a160da"}
{"set_id":31,"title":"260211 아테나 2070 Athena","group":"FIFTY FIFTY","images":0,"state":"failed","error":"No public preview image found on example page","example":"https://ganknow.com/post/ce399c77-69cb-498b-a97b-47afd001d7f1"}
{"set_id":32,"title":"260905 CHAEYOUNG v1","group":"FROMIS_9","images":2,"state":"ready","error":"","example":"https://ganknow.com/post/ad5df700-ef4b-4b1b-aa02-bf9fdf0bb142"}
{"set_id":33,"title":"260904 NAGYUNG","group":"FROMIS_9","images":2,"state":"ready","error":"","example":"https://ganknow.com/post/27000cca-c4d1-4245-8aef-87e998eebed7"}
{"set_id":34,"title":"260904 jiheon","group":"FROMIS_9","images":2,"state":"ready","error":"","example":"https://ganknow.com/post/683142ca-233a-4870-802a-dbfcd6d57bf8"}
{"set_id":35,"title":"260904 chaeyoung","group":"FROMIS_9","images":2,"state":"ready","error":"","example":"https://ganknow.com/post/5ca8ba25-e587-490b-a816-8c36b0d4d9c8"}
{"set_id":36,"title":"260726 Hwiseo Yoichi","group":"H1key","images":0,"state":"failed","error":"No public preview image found on example page","example":"https://ganknow.com/post/275434f4-dc06-4513-9f55-50d2316f795c"}
{"set_id":37,"title":"260827 Ian 1700","group":"H2H","images":0,"state":"failed","error":"No public preview image found on example page","example":"https://ganknow.com/post/d35251dd-22f7-4b2d-889f-c327fd99be1c"}
{"set_id":38,"title":"260912 Yeju","group":"ICHILLIN","images":2,"state":"ready","error":"","example":"https://ganknow.com/post/94c1c856-5fa4-43c7-8ed5-68a630bc1c4e"}
{"set_id":39,"title":"260830  Shuhua 3349 limited","group":"IDLE","images":0,"state":"failed","error":"No public preview image found on example page","example":"https://ganknow.com/post/ff9427aa-6bcc-4a92-974a-d2321c2aafe7"}
{"set_id":40,"title":"260829&260830 Miyeon 3964 Limited","group":"IDLE","images":2,"state":"ready","error":"","example":"https://ganknow.com/post/79812a75-2599-41bf-974b-e2213e5e620d"}
{"set_id":41,"title":"260811 Minnie 민니 1682","group":"IDLE","images":0,"state":"failed","error":"No public preview image found on example page","example":"https://ganknow.com/post/2243e602-19ef-4711-b012-f04590e39169"}
{"set_id":42,"title":"260222 Minnie - 비니","group":"IDLE","images":0,"state":"missing","error":"No public example URL in source row","example":""}
{"set_id":43,"title":"260221 SHUHUA","group":"IDLE","images":0,"state":"failed","error":"No public preview image found on example page","example":"https://ganknow.com/post/870ff6f8-4345-41fc-b83b-ef776656f8ae"}
{"set_id":44,"title":"260221 MIYEON","group":"IDLE","images":0,"state":"failed","error":"No public preview image found on example page","example":"https://ganknow.com/post/5144ae72-8c84-4508-971f-336eb061bc75"}
{"set_id":45,"title":"250611 Shuhua 3454PICS","group":"IDLE","images":0,"state":"failed","error":"No public preview image found on example page","example":"https://ganknow.com/post/10a6db68-cc0b-4419-8873-da4ea02df440"}
{"set_id":46,"title":"240530 miyeon  fancam KPFTIME","group":"IDLE","images":0,"state":"missing","error":"No public example URL in source row","example":""}
{"set_id":47,"title":"260827 iroha","group":"ILLIT","images":0,"state":"failed","error":"No public preview image found on example page","example":"https://ganknow.com/post/8f06b1bb-f3d3-4965-a28d-79c72842b8ae"}
{"set_id":48,"title":"260809 yuna backview collection","group":"ITZY","images":0,"state":"failed","error":"No public preview image found on example page","example":"https://ganknow.com/post/bb1e8614-516f-416f-a009-af8f381e19ff"}
{"set_id":49,"title":"260809 LIA BACKVIEW SPECIAL LIMITED","group":"ITZY","images":0,"state":"failed","error":"No public preview image found on example page","example":"https://ganknow.com/post/d1af6c56-d527-4d55-a802-833c915dd8cf"}
{"set_id":50,"title":"260809 chaeryeong (Backview collection)","group":"ITZY","images":0,"state":"missing","error":"No public example URL in source row","example":"No trade"}
{"set_id":51,"title":"260809 Chaeryeong 3196","group":"ITZY","images":0,"state":"failed","error":"No public preview image found on example page","example":"https://ganknow.com/post/6fe64dff-da60-4853-8ee1-045eeaa952bd"}
{"set_id":52,"title":"260808 Ryujin Coffee ver","group":"ITZY","images":0,"state":"failed","error":"No public preview image found on example page","example":"https://ganknow.com/post/4fd64617-a1e5-4845-8beb-12fb3b81d623"}
{"set_id":53,"title":"260808 chaeryeong 7869","group":"ITZY","images":0,"state":"failed","error":"No public preview image found on example page","example":"https://ganknow.com/post/e938f55c-308c-4187-946b-f27a47bbed25"}
{"set_id":54,"title":"260808 Chaeryeong 7859","group":"ITZY","images":0,"state":"failed","error":"No public preview image found on example page","example":"https://ganknow.com/post/e938f55c-308c-4187-946b-f27a47bbed25"}
{"set_id":55,"title":"Lia 260808","group":"ITZY","images":0,"state":"failed","error":"No public preview image found on example page","example":"https://ganknow.com/post/5dc338b4-fb32-4163-b410-56f7da4b9a17"}
{"set_id":56,"title":"251206 Gaeul","group":"IVE","images":0,"state":"missing","error":"No public example URL in source row","example":"Outfit example only https://encrypted-tbn0.gstatic.com/images?q=tbn:ANd9GcQHjJDaBDv47E8QI7Z9oQgvRxpldnp6fcSlLw9sXyxnGzolba85xuO14Z8&s=10"}
{"set_id":57,"title":"260821 rei 912","group":"IVE","images":0,"state":"failed","error":"No public preview image found on example page","example":"https://ganknow.com/post/327b0d64-5114-4401-8880-821af548f9be"}
{"set_id":58,"title":"260821 IVE Gaeul 260821","group":"IVE","images":0,"state":"failed","error":"No public preview image found on example page","example":"https://ganknow.com/post/a6ab8af2-667d-4333-bcd5-b32726f57c98"}
{"set_id":59,"title":"260821 liz  1594 files","group":"IVE","images":0,"state":"missing","error":"No public example URL in source row","example":""}
{"set_id":60,"title":"260816 leeseo 1659","group":"IVE","images":0,"state":"missing","error":"No public example URL in source row","example":""}
{"set_id":61,"title":"260322 Yujin  3585","group":"IVE","images":0,"state":"missing","error":"No public example URL in source row","example":""}
{"set_id":62,"title":"260322 ive IVE 31661","group":"IVE","images":0,"state":"missing","error":"No public example URL in source row","example":""}
{"set_id":63,"title":"260321 WONYOUNG 3560","group":"IVE","images":0,"state":"failed","error":"No public preview image found on example page","example":"https://ganknow.com/services/88792-idolxdata-rare-260321-wonyoung-3560-pics"}
{"set_id":64,"title":"260110 rei  RARE","group":"IVE","images":0,"state":"failed","error":"No public preview image found on example page","example":"https://drive.google.com/file/d/1BFs-MdALjW3bMuxEUyXeZqsA6zf0ePRN/view?usp=sharing"}
{"set_id":65,"title":"251206 leeseo IVE 1427","group":"IVE","images":0,"state":"failed","error":"No public preview image found on example page","example":"https://ganknow.com/post/1dac8be3-c8b5-44d9-9ad0-c8b3499bbfb2"}
{"set_id":66,"title":"251206 Leeseo (2)","group":"IVE","images":0,"state":"failed","error":"No public preview image found on example page","example":"https://ganknow.com/post/1dac8be3-c8b5-44d9-9ad0-c8b3499bbfb2"}
{"set_id":67,"title":"250907 rei","group":"IVE","images":0,"state":"missing","error":"No public example URL in source row","example":"buy from partner"}
{"set_id":68,"title":"240309 wonyoung (Backview)","group":"IVE","images":0,"state":"missing","error":"No public example URL in source row","example":""}
{"set_id":69,"title":"240309 Leeseo backview collection","group":"IVE","images":0,"state":"failed","error":"No public preview image found on example page","example":"https://ganknow.com/post/509d741e-1c3f-4861-89b3-ad784ec0f49f"}
{"set_id":70,"title":"251031 Wonyoung 5789 (Exclusive)","group":"IVE","images":0,"state":"missing","error":"No public example URL in source row","example":""}
{"set_id":71,"title":"260919 Chaehyun 4552 Kdata","group":"Kep1er","images":2,"state":"ready","error":"","example":"https://ganknow.com/post/93df4d60-1de6-4f83-a53a-a8a9e78074ff"}
{"set_id":72,"title":"260919 CHAEHYUN","group":"Kep1er","images":2,"state":"ready","error":"","example":"https://ganknow.com/post/e66e2f1d-9536-4d16-8f94-b92698ad16f6"}
{"set_id":73,"title":"260919 CHAEHYUN🚨LIMITED🚨","group":"Kep1er","images":0,"state":"failed","error":"No public preview image found on example page","example":"https://ganknow.com/post/8e0f5aec-c01c-4fe6-ad49-4f771b62fbdd"}
{"set_id":74,"title":"260822 Dayeon 2305 (limited) Yoichi69","group":"Kep1er","images":0,"state":"failed","error":"No public preview image found on example page","example":"https://ganknow.com/post/eeef5f3e-4137-4d27-b1c0-9f0a0c9bfe9a"}
{"set_id":75,"title":"260906 KIIIKIII Kya","group":"KiiiKiii","images":2,"state":"ready","error":"","example":"https://ganknow.com/post/13bfedcb-a946-4a21-9fc7-c26e13cd186a"}
{"set_id":76,"title":"260906 Kya 3073(Yoichi)","group":"KiiiKiii","images":0,"state":"missing","error":"No public example URL in source row","example":"post deleted , LIMITED 260906 KYA at 2026 SPOTV K-POP AWARDS (SKA) 3073 FILES"}
{"set_id":77,"title":"260913 Natty 2327","group":"KISS OF LIFE","images":2,"state":"ready","error":"","example":"https://ganknow.com/post/e6c2dc39-6c13-4d26-8f15-7b36a7a00037"}
{"set_id":78,"title":"260913 Natty (2) + Julie + Haneul","group":"KISS OF LIFE","images":2,"state":"ready","error":"","example":"https://ganknow.com/post/8462e8f1-f313-465f-82f6-bc934212f9dd"}
{"set_id":79,"title":"260725 Julie","group":"KISS OF LIFE","images":0,"state":"missing","error":"No public example URL in source row","example":""}
{"set_id":80,"title":"260724 NATTY SPECIAL LIMITED","group":"KISS OF LIFE","images":0,"state":"failed","error":"No public preview image found on example page","example":"https://ganknow.com/post/ceef68b5-ce91-4ad8-a929-2abcfb6b084d"}
{"set_id":81,"title":"260827 Sakura 1888 (limited) KDataStudio","group":"LE SSERAFIM","images":0,"state":"failed","error":"No public preview image found on example page","example":"https://ganknow.com/post/704f7ab8-bd00-487a-b893-59520be4374a"}
{"set_id":82,"title":"260827 kazuha yoichi","group":"LE SSERAFIM","images":0,"state":"failed","error":"No public preview image found on example page","example":"https://ganknow.com/post/29b2e6f4-0252-4d81-bf1f-2ad589d391bc"}
{"set_id":83,"title":"260827 kazuha","group":"LE SSERAFIM","images":0,"state":"failed","error":"No public preview image found on example page","example":"https://ganknow.com/post/29b2e6f4-0252-4d81-bf1f-2ad589d391bc"}
{"set_id":84,"title":"260827 Eunchae yoichi","group":"LE SSERAFIM","images":0,"state":"failed","error":"No public preview image found on example page","example":"https://ganknow.com/post/cc10d0b5-5cb5-44b2-88d9-144d92379cf1"}
{"set_id":85,"title":"260827 eunchae 2075","group":"LE SSERAFIM","images":0,"state":"failed","error":"No public preview image found on example page","example":"https://ganknow.com/post/407a6cdb-b82a-4dc7-adac-4e01268cc5eb"}
{"set_id":86,"title":"260827 Eunchae 🚨LIMITED🚨 (C Section) 4099","group":"LE SSERAFIM","images":0,"state":"missing","error":"No public example URL in source row","example":"spread legs Choreography , post deleted"}
{"set_id":87,"title":"260827 Chaewon","group":"LE SSERAFIM","images":0,"state":"failed","error":"No public preview image found on example page","example":"https://ganknow.com/post/d1c02737-72ad-41a5-b43e-cf81fd6c6cd1"}
{"set_id":88,"title":"260827 Chaewon","group":"LE SSERAFIM","images":0,"state":"failed","error":"No public preview image found on example page","example":"https://ganknow.com/post/16092d51-0b12-4169-89e8-f2b440a613c1"}
{"set_id":89,"title":"260827 Chaewon 채원 4149","group":"LE SSERAFIM","images":2,"state":"ready","error":"","example":"https://ganknow.com/post/c7d5f8c3-6959-4a76-ad99-e37ac4d50867"}
{"set_id":90,"title":"260827 chaewon section A yoichi","group":"LE SSERAFIM","images":0,"state":"failed","error":"No public preview image found on example page","example":"https://ganknow.com/post/54c39939-6771-4c95-bbce-2121ab66cf62"}
{"set_id":91,"title":"260827 CHAEWON「LIMITED」","group":"LE SSERAFIM","images":0,"state":"failed","error":"No public preview image found on example page","example":"https://ganknow.com/post/36621501-9e32-4108-a772-9cf4f485a5e4"}
{"set_id":92,"title":"260827 Chaewon","group":"LE SSERAFIM","images":0,"state":"failed","error":"No public preview image found on example page","example":"https://ganknow.com/post/54c39939-6771-4c95-bbce-2121ab66cf62"}
{"set_id":93,"title":"260827 Chaewon","group":"LE SSERAFIM","images":5,"state":"ready","error":"","example":"https://loveshakedata.gumroad.com/l/260827-le-sserafim-chaewon-stage"}
{"set_id":94,"title":"260814 Eunchae 1907","group":"LE SSERAFIM","images":0,"state":"failed","error":"No public preview image found on example page","example":"https://ganknow.com/services/104235-yoichi69-260814-eunchae-limited"}
{"set_id":95,"title":"260814 Yunjin yoichi ver2","group":"LE SSERAFIM","images":0,"state":"failed","error":"No public preview image found on example page","example":"https://ganknow.com/post/6b37a29f-8cc0-4029-80a7-b82b939061f5"}
{"set_id":96,"title":"260814 sakura 2028","group":"LE SSERAFIM","images":0,"state":"failed","error":"No public preview image found on example page","example":"https://ganknow.com/post/fb142d44-bc90-4479-9316-40f06aae72fa"}
{"set_id":97,"title":"260814 kazuha 1425","group":"LE SSERAFIM","images":0,"state":"failed","error":"No public preview image found on example page","example":"https://ganknow.com/post/44f1e5cc-d52f-4513-9ffd-4df920d0b7b7"}
{"set_id":98,"title":"260814 Kazuha","group":"LE SSERAFIM","images":0,"state":"failed","error":"No public preview image found on example page","example":"https://ganknow.com/post/9c72b148-4ae2-4dec-a816-4da9aa6b3664"}
{"set_id":99,"title":"260814 chaewon 2007","group":"LE SSERAFIM","images":0,"state":"failed","error":"source returned HTTP 429","example":"https://ganknow.com/post/6ca7f7cd-c1a5-4da9-862f-958d3b33f412"}
{"set_id":100,"title":"Eunchae 260816 1516","group":"LE SSERAFIM","images":0,"state":"missing","error":"No public example URL in source row","example":""}
{"set_id":101,"title":"260801 LESSERAFIM (PRIZE)","group":"LE SSERAFIM","images":0,"state":"failed","error":"source returned HTTP 429","example":"https://ganknow.com/post/358e7c35-5ca5-44c8-80fc-91ce393f6d1d"}
{"set_id":102,"title":"260712 eunchae 4043","group":"LE SSERAFIM","images":0,"state":"failed","error":"No public preview image found on example page","example":"https://ganknow.com/post/bab9b952-a242-43d1-906f-c01998cb6c2f"}
{"set_id":103,"title":"260711 은채 4774","group":"LE SSERAFIM","images":0,"state":"failed","error":"source returned HTTP 429","example":"https://ganknow.com/post/48e8b892-39c2-4d2c-8682-b8e0c52e6f1b"}
{"set_id":104,"title":"260711 윤진 4129","group":"LE SSERAFIM","images":0,"state":"failed","error":"No public preview image found on example page","example":"https://ganknow.com/post/5c07cf64-5b16-40f9-92ba-2ac88f710257"}
{"set_id":105,"title":"260711 Sakura 4121","group":"LE SSERAFIM","images":0,"state":"failed","error":"source returned HTTP 429","example":"https://ganknow.com/post/50fad3b6-57ce-4a87-8681-830e082b5988"}
{"set_id":106,"title":"260711 LESSERAFIM Chaewon coffe...","group":"LE SSERAFIM","images":0,"state":"failed","error":"source returned HTTP 429","example":"https://ganknow.com/post/72d90e3f-e7ed-48dd-b753-83b9194f4b79"}
{"set_id":107,"title":"260711 CHAEWON BACKVIEW COLLECTION","group":"LE SSERAFIM","images":0,"state":"failed","error":"No public preview image found on example page","example":"https://ganknow.com/post/1d90ef3d-a686-444e-90fb-9aefcc404c1a"}
{"set_id":108,"title":"260620 카즈하 2024","group":"LE SSERAFIM","images":0,"state":"failed","error":"No public preview image found on example page","example":"https://ganknow.com/post/d0e72f12-e18f-49b6-8a42-1f2ca364a6c5"}
{"set_id":109,"title":"260620 sakura (Exlusive)1321","group":"LE SSERAFIM","images":0,"state":"failed","error":"No public preview image found on example page","example":"https://ganknow.com/services/98885-kdatastudio-260620-sakura-limited"}
{"set_id":110,"title":"260620 sakura 2685","group":"LE SSERAFIM","images":0,"state":"failed","error":"No public preview image found on example page","example":"https://ganknow.com/post/21b7c36a-caab-4d77-83e6-8b2594fa5673"}
{"set_id":111,"title":"260620 Kazuha 1151","group":"LE SSERAFIM","images":0,"state":"failed","error":"No public preview image found on example page","example":"https://ganknow.com/post/83940744-cdbf-460a-97a1-3d7dadd8002b"}
{"set_id":112,"title":"260620 KAZUHA 2024 PICS","group":"LE SSERAFIM","images":0,"state":"failed","error":"No public preview image found on example page","example":"https://ganknow.com/post/d0e72f12-e18f-49b6-8a42-1f2ca364a6c5"}
{"set_id":113,"title":"260607 EUNCHAE 홍은채 10342","group":"LE SSERAFIM","images":0,"state":"failed","error":"No public preview image found on example page","example":"https://ganknow.com/post/14cdf49d-c202-4494-bc4d-ac07b6819bb5"}
{"set_id":114,"title":"260607 EUNCHAE 2209","group":"LE SSERAFIM","images":0,"state":"failed","error":"No public preview image found on example page","example":"https://ganknow.com/post/be153fb4-9722-4240-8ddd-ef76e0c2826d"}
{"set_id":115,"title":"260607 EUNCHAE 카즈하 604","group":"LE SSERAFIM","images":0,"state":"missing","error":"No public example URL in source row","example":""}
{"set_id":116,"title":"260607 Eunchae 2000","group":"LE SSERAFIM","images":0,"state":"failed","error":"No public preview image found on example page","example":"https://ganknow.com/post/be153fb4-9722-4240-8ddd-ef76e0c2826d"}
{"set_id":117,"title":"260530 Kazuha EXCLUSIVE","group":"LE SSERAFIM","images":0,"state":"missing","error":"No public example URL in source row","example":"EXCLUSIVE"}
{"set_id":118,"title":"260527 kazuha 1377","group":"LE SSERAFIM","images":0,"state":"failed","error":"No public preview image found on example page","example":"https://ganknow.com/post/d0be9eec-bc5f-43ad-b363-3c7f26a5aa77"}
{"set_id":119,"title":"260519 Kazuha RARE/LIMITED","group":"LE SSERAFIM","images":0,"state":"missing","error":"No public example URL in source row","example":"cannot find post"}
{"set_id":120,"title":"260201 chaewon 4968","group":"LE SSERAFIM","images":0,"state":"failed","error":"No public preview image found on example page","example":"https://ganknow.com/post/2fc1cbdd-4337-4c24-8fc4-ea0e16916869"}
{"set_id":121,"title":"Kazuha - 260711 2848(Rare_KD)","group":"LE SSERAFIM","images":0,"state":"failed","error":"source returned HTTP 429","example":"https://ganknow.com/post/b27745c0-f53b-4087-8c44-58e370c7ab2a"}
{"set_id":122,"title":"260816 Eunchae 732 KData","group":"LE SSERAFIM","images":0,"state":"missing","error":"No public example URL in source row","example":""}
{"set_id":123,"title":"260827 Eunchae 3540","group":"LE SSERAFIM","images":0,"state":"missing","error":"No public example URL in source row","example":""}
{"set_id":124,"title":"260607 Sakura 2437","group":"LE SSERAFIM","images":0,"state":"missing","error":"No public example URL in source row","example":""}
{"set_id":125,"title":"260814 Yunjin 1835","group":"LE SSERAFIM","images":0,"state":"missing","error":"No public example URL in source row","example":""}
{"set_id":126,"title":"260816 Kazuha & Yunjin","group":"LE SSERAFIM","images":0,"state":"missing","error":"No public example URL in source row","example":""}
{"set_id":127,"title":"260814 Sakura 1623 idolxdata","group":"LE SSERAFIM","images":0,"state":"missing","error":"No public example URL in source row","example":""}
{"set_id":128,"title":"250510 chowon LIGHTSUM 1606","group":"LIGHTSUM","images":0,"state":"missing","error":"No public example URL in source row","example":""}
{"set_id":129,"title":"250510 chowon LIGHTSUM 1245","group":"LIGHTSUM","images":0,"state":"missing","error":"No public example URL in source row","example":"buy from partner"}
{"set_id":130,"title":"260904 Nayoung 4148","group":"LIGHTSUM","images":0,"state":"missing","error":"No public example URL in source row","example":""}
{"set_id":131,"title":"260827 Anna 1675","group":"MEOVV","images":0,"state":"failed","error":"source returned HTTP 429","example":"https://ganknow.com/post/9b88a481-b9e6-436b-869f-cb8690918402"}
{"set_id":132,"title":"220921 Hanni 1035 limited","group":"NewJeans","images":0,"state":"missing","error":"No public example URL in source row","example":""}
{"set_id":133,"title":"260919 Kyujin","group":"NMIXX","images":0,"state":"failed","error":"source returned HTTP 429","example":"https://ganknow.com/post/a3227d0f-c919-438b-b18f-965ff215a407"}
{"set_id":134,"title":"260613 YUBIN 3063 RARE","group":"OH MY GIRL","images":0,"state":"failed","error":"No public preview image found on example page","example":"https://ganknow.com/post/ce367e7f-03c5-45f4-8cc5-83c46149f12b"}
{"set_id":135,"title":"260613 YUBIN (2)","group":"OH MY GIRL","images":0,"state":"failed","error":"source returned HTTP 429","example":"https://ganknow.com/post/07fd3dba-7329-454d-9f1a-615fcf090a1c"}
{"set_id":136,"title":"250419 ARIN","group":"OH MY GIRL","images":1,"state":"ready","error":"Only 1 distinct public image(s) available; at least 2 required","example":"https://ganknow.com/post/7c585f8a-3f13-4f7d-ae39-8d7b08ae3e85"}
{"set_id":137,"title":"250305 Arin","group":"OH MY GIRL","images":0,"state":"missing","error":"No public example URL in source row","example":"buy from partner"}
{"set_id":138,"title":"dont know date YUBIN","group":"OH MY GIRL","images":0,"state":"missing","error":"No public example URL in source row","example":""}
{"set_id":139,"title":"260801 조이 3261","group":"RED VELVET","images":0,"state":"failed","error":"No public preview image found on example page","example":"https://ganknow.com/post/d9b10e5d-d67a-49c8-b723-7a2a2cdcb75b"}
{"set_id":140,"title":"260801 Yeri 4226","group":"RED VELVET","images":0,"state":"failed","error":"No public preview image found on example page","example":"https://ganknow.com/post/00239afc-e6b0-4d2e-8e9f-df13c07651ad"}
{"set_id":141,"title":"260801 Joy (3169 pics)","group":"RED VELVET","images":0,"state":"failed","error":"No public preview image found on example page","example":"https://ganknow.com/post/c48260c6-76a8-42b5-9feb-80f6513bcf82"}
{"set_id":142,"title":"260801 Joy","group":"RED VELVET","images":0,"state":"failed","error":"No public preview image found on example page","example":"https://ganknow.com/post/d9b10e5d-d67a-49c8-b723-7a2a2cdcb75b"}
{"set_id":143,"title":"260822 SNSD 409 limited Idollove","group":"SNSD","images":0,"state":"missing","error":"No public example URL in source row","example":""}
{"set_id":144,"title":"260906 YENA  coffe(1)","group":"SOLO","images":2,"state":"ready","error":"","example":"https://ganknow.com/post/39a8362d-3141-45a6-b583-493c51f395cd"}
{"set_id":145,"title":"260906 YENA  coffe(2)","group":"SOLO","images":2,"state":"ready","error":"","example":"https://ganknow.com/post/29d87ef3-2ae5-4f9c-8779-bce72789317c"}
{"set_id":146,"title":"260906 YENA🚨LIMITED🚨","group":"SOLO","images":2,"state":"ready","error":"","example":"https://ganknow.com/post/788458d1-0232-4cf5-990c-84880f6c4e9b"}
{"set_id":147,"title":"260725 Bibi 2210","group":"SOLO","images":0,"state":"failed","error":"No public preview image found on example page","example":"https://ganknow.com/post/b21c4cba-c4d3-4e1f-9508-627b45af5c8d"}
{"set_id":148,"title":"260620 dayoung 1734","group":"SOLO","images":0,"state":"failed","error":"No public preview image found on example page","example":"https://ganknow.com/post/b45ad709-6dde-4acf-9ce8-d926a975970e"}
{"set_id":149,"title":"260502 dayoung","group":"SOLO","images":0,"state":"failed","error":"No public preview image found on example page","example":"https://ganknow.com/post/bc3d8e5b-13a5-433a-8948-fe2dd3e7371c"}
{"set_id":150,"title":"251115 eunbi","group":"SOLO","images":0,"state":"failed","error":"source returned HTTP 429","example":"https://ganknow.com/post/26a8b751-32ac-4f2c-88a4-b57d8d98d0fc"}
{"set_id":151,"title":"260911 Isa 1984-yoichi Ver.1","group":"StayC","images":0,"state":"failed","error":"source returned HTTP 429","example":"https://ganknow.com/post/d4fe2ad9-e7fb-40b6-9489-026c437e8c1c"}
{"set_id":152,"title":"260912 CHAEYEON idollove","group":"TripleS","images":2,"state":"ready","error":"","example":"https://ganknow.com/post/224769b0-ce70-47a6-b44c-671d22aacdb5"}
{"set_id":153,"title":"260919 TRIPLES Hayeon","group":"TripleS","images":2,"state":"ready","error":"","example":"https://ganknow.com/post/bec43cdf-e565-4017-8829-644e1ec6f50c"}
{"set_id":154,"title":"260912 Chaeyeon yoichi69 v2","group":"TripleS","images":2,"state":"ready","error":"","example":"https://ganknow.com/post/5ff6bdb4-aa0d-431e-8f23-b019ca217e38"}
{"set_id":155,"title":"260912 Chaeyeon yoichi69 v1","group":"TripleS","images":2,"state":"ready","error":"","example":"https://ganknow.com/post/7559d1ed-d29e-4f9e-ada9-501c9bcf5ba1"}
{"set_id":156,"title":"260828 Xinyu (LIMITED) 1759","group":"TripleS","images":0,"state":"failed","error":"No public preview image found on example page","example":"https://ganknow.com/services/106511-kdatastudio-260828-xinyu-limited"}
{"set_id":157,"title":"260726 & 260727 hayeon","group":"TripleS","images":0,"state":"failed","error":"source returned HTTP 403","example":"https://ko-fi.com/s/60c885bbd5"}
{"set_id":158,"title":"260923Mina  kdata","group":"TWICE","images":2,"state":"ready","error":"","example":"https://ganknow.com/post/5aa14ab9-159d-48c7-8daf-61a28240ac7f"}
{"set_id":159,"title":"260923 Mina Loveshake","group":"TWICE","images":2,"state":"ready","error":"","example":"https://ganknow.com/post/986a7ccb-36ed-4253-bbc2-0b2d087f7929"}
{"set_id":160,"title":"260923 Mina Yoichi","group":"TWICE","images":2,"state":"ready","error":"","example":"https://ganknow.com/post/2196c127-6d17-4810-a4fc-c879ccc7f903"}
{"set_id":161,"title":"260710 Momo  rare/limited","group":"TWICE","images":0,"state":"missing","error":"No public example URL in source row","example":"post deleted"}
{"set_id":162,"title":"260710 Sana 4293","group":"TWICE","images":0,"state":"failed","error":"source returned HTTP 429","example":"https://ganknow.com/post/6ad408ae-6290-4e22-9e29-c5240f00629a"}
{"set_id":163,"title":"260710 Momo 1139 KData","group":"TWICE","images":0,"state":"missing","error":"No public example URL in source row","example":""}
{"set_id":164,"title":"260710 Dahyun 1350 limited","group":"TWICE","images":0,"state":"missing","error":"No public example URL in source row","example":""}
{"set_id":165,"title":"261003 SEUNGBI🚨LIMITED🚨","group":"S2IT","images":0,"state":"failed","error":"No public preview image found on example page","example":"https://ganknow.com/post/e63b82e9-3d38-4245-beed-84974767969e"}
